[2m2026-05-17T03:27:48.094525Z[0m [32m INFO[0m [2mcargo_tarpaulin::config[0m[2m:[0m Creating config
[2m2026-05-17T03:27:49.886361Z[0m [32m INFO[0m [2mcargo_tarpaulin[0m[2m:[0m Running Tarpaulin
[2m2026-05-17T03:27:49.886395Z[0m [32m INFO[0m [2mcargo_tarpaulin[0m[2m:[0m Building project
[2m2026-05-17T03:27:49.886527Z[0m [32m INFO[0m [2mcargo_tarpaulin::cargo[0m[2m:[0m Cleaning project
   Compiling libc v0.2.186
   Compiling cfg-if v1.0.4
   Compiling shlex v1.3.0
   Compiling find-msvc-tools v0.1.9
   Compiling proc-macro2 v1.0.106
   Compiling quote v1.0.45
   Compiling unicode-ident v1.0.24
   Compiling dunce v1.0.5
   Compiling typenum v1.20.0
   Compiling getrandom v0.3.4
   Compiling syn v2.0.117
   Compiling zerocopy v0.8.48
   Compiling version_check v0.9.5
   Compiling jobserver v0.1.34
   Compiling getrandom v0.2.17
   Compiling cc v1.2.62
   Compiling generic-array v0.14.7
   Compiling subtle v2.6.1
   Compiling fs_extra v1.3.0
   Compiling cmake v0.1.58
   Compiling block-buffer v0.10.4
   Compiling crypto-common v0.1.7
   Compiling rand_core v0.6.4
   Compiling once_cell v1.21.4
   Compiling aws-lc-sys v0.41.0
   Compiling ring v0.17.14
   Compiling zeroize_derive v1.4.3
   Compiling zeroize v1.8.2
   Compiling ppv-lite86 v0.2.21
   Compiling pqcrypto-internals v0.2.11
   Compiling digest v0.10.7
   Compiling glob v0.3.3
   Compiling aws-lc-rs v1.17.0
   Compiling rustls-pki-types v1.14.1
   Compiling cpufeatures v0.2.17
   Compiling semver v1.0.28
   Compiling pin-project-lite v0.2.17
   Compiling untrusted v0.9.0
   Compiling parking_lot_core v0.9.12
   Compiling serde_core v1.0.228
   Compiling rustc_version v0.4.1
   Compiling hybrid-array v0.4.12
   Compiling log v0.4.29
   Compiling serde v1.0.228
   Compiling scopeguard v1.2.0
   Compiling cfg_aliases v0.2.1
   Compiling smallvec v1.15.1
   Compiling lock_api v0.4.14
   Compiling curve25519-dalek v4.1.3
   Compiling serde_derive v1.0.228
   Compiling clear_on_drop v0.2.5
   Compiling ff v0.13.1
   Compiling rand_core v0.9.5
   Compiling socket2 v0.6.3
   Compiling errno v0.3.14
   Compiling keccak v0.1.6
   Compiling bytes v1.11.1
   Compiling rustls v0.23.40
   Compiling libm v0.2.16
   Compiling thiserror v1.0.69
   Compiling paste v1.0.15
   Compiling signal-hook-registry v1.4.8
   Compiling rand_chacha v0.9.0
   Compiling group v0.13.0
   Compiling parking_lot v0.12.5
   Compiling block-buffer v0.12.0
   Compiling crypto-common v0.2.1
   Compiling pqcrypto-mldsa v0.1.2
   Compiling pqcrypto-mlkem v0.1.1
   Compiling rand_chacha v0.3.1
   Compiling tokio-macros v2.7.0
   Compiling curve25519-dalek-derive v0.1.1
   Compiling thiserror-impl v1.0.69
   Compiling tracing-core v0.1.36
   Compiling mio v1.2.0
   Compiling thiserror v2.0.18
   Compiling const-oid v0.10.2
   Compiling openssl-probe v0.2.1
   Compiling powerfmt v0.2.0
   Compiling pqcrypto-traits v0.3.5
   Compiling byteorder v1.5.0
   Compiling deranged v0.5.8
   Compiling rustls-native-certs v0.8.3
   Compiling merlin v3.0.0
   Compiling digest v0.11.3
   Compiling tracing v0.1.44
   Compiling tokio v1.52.3
   Compiling rand v0.8.6
   Compiling rand v0.9.4
   Compiling sha3 v0.10.9
   Compiling quinn-udp v0.5.14
   Compiling thiserror-impl v2.0.18
   Compiling cpufeatures v0.3.0
   Compiling siphasher v1.0.3
   Compiling tinyvec_macros v0.1.1
   Compiling time-core v0.1.8
   Compiling num-conv v0.2.1
   Compiling time v0.3.47
   Compiling tinyvec v1.11.0
   Compiling fastbloom v0.14.1
   Compiling sha2 v0.11.0
   Compiling bulletproofs v5.0.0
   Compiling quinn v0.11.9
   Compiling rustc-hash v2.1.2
   Compiling rustix v1.1.4
   Compiling base64 v0.22.1
   Compiling slab v0.4.12
   Compiling lru-slab v0.1.2
   Compiling pem v3.0.6
   Compiling yasna v0.5.2
   Compiling bitflags v2.11.1
   Compiling linux-raw-sys v0.12.1
   Compiling rcgen v0.13.2
   Compiling crypto v0.1.0 (/app/crypto)
   Compiling sha2 v0.10.9
   Compiling fastrand v2.4.1
   Compiling consensus v0.1.0 (/app/consensus)
   Compiling storage v0.1.0 (/app/storage)
   Compiling tempfile v3.27.0
   Compiling rustls-webpki v0.103.13
   Compiling rustls-platform-verifier v0.6.2
   Compiling quinn-proto v0.11.14
   Compiling network v0.1.0 (/app/network)
   Compiling core_node v0.1.0 (/app/core_node)
    Finished `test` profile [unoptimized + debuginfo] target(s) in 1m 39s
[2m2026-05-17T03:29:36.918628Z[0m [32m INFO[0m [2mcargo_tarpaulin::process_handling::linux[0m[2m:[0m Launching test
[2m2026-05-17T03:29:36.918727Z[0m [32m INFO[0m [2mcargo_tarpaulin::process_handling[0m[2m:[0m running /app/target/debug/deps/crypto-a92f90259b0d4686

running 5 tests
test zkp::tests::test_proof_out_of_range ... ok
test tests::test_mldsa_signing ... ok
test tests::test_mlkem_encapsulation ... ok
test zkp::tests::test_valid_range_proof ... ok
test transaction::tests::test_transaction_lifecycle ... ok

test result: ok. 5 passed; 0 failed; 0 ignored; 0 measured; 0 filtered out; finished in 5.08s

[2m2026-05-17T03:29:44.386477Z[0m [32m INFO[0m [2mcargo_tarpaulin::process_handling::linux[0m[2m:[0m Launching test
[2m2026-05-17T03:29:44.386549Z[0m [32m INFO[0m [2mcargo_tarpaulin::process_handling[0m[2m:[0m running /app/target/debug/deps/consensus-7cbbaaaac1371f33

running 8 tests
test test_internal_cross_shard_locks_lifecycle ... ok
test test_branch_coverage_max_parents_per_vertex ... ok
test tests::test_cross_shard_lock ... ok
test test_branch_coverage_max_txs_per_vertex ... ok
test tests::test_adversarial_invalid_parent_reference ... ok
test test_branch_coverage_missing_tx_in_mempool ... ok
test tests::test_hash_to_shard ... ok
test tests::test_invalid_parent ... ok

test result: ok. 8 passed; 0 failed; 0 ignored; 0 measured; 0 filtered out; finished in 0.01s

[2m2026-05-17T03:29:46.110464Z[0m [32m INFO[0m [2mcargo_tarpaulin::process_handling::linux[0m[2m:[0m Launching test
[2m2026-05-17T03:29:46.110533Z[0m [32m INFO[0m [2mcargo_tarpaulin::process_handling[0m[2m:[0m running /app/target/debug/deps/storage-936bfc44ed2d576f

running 4 tests
test test_internal_memtable_state_mutation ... ok
test sstable::tests::test_internal_exception_max_allocation_size ... ok
test sstable::tests::test_sstable_flush_and_compact ... ok
test tests::test_storage_engine_put_and_get ... ok

test result: ok. 4 passed; 0 failed; 0 ignored; 0 measured; 0 filtered out; finished in 0.04s

[2m2026-05-17T03:29:47.486436Z[0m [32m INFO[0m [2mcargo_tarpaulin::process_handling::linux[0m[2m:[0m Launching test
[2m2026-05-17T03:29:47.486538Z[0m [32m INFO[0m [2mcargo_tarpaulin::process_handling[0m[2m:[0m running /app/target/debug/deps/network-711d50395360ffee

running 4 tests
test tests::test_client_config ... ok
test dht::test_internal_exception_k_bucket_size_exhaustion ... ok
test dht::tests::test_dht_routing ... ok
test tests::test_node_initialization ... ok

test result: ok. 4 passed; 0 failed; 0 ignored; 0 measured; 0 filtered out; finished in 0.02s

[2m2026-05-17T03:29:59.122488Z[0m [32m INFO[0m [2mcargo_tarpaulin::process_handling::linux[0m[2m:[0m Launching test
[2m2026-05-17T03:29:59.122564Z[0m [32m INFO[0m [2mcargo_tarpaulin::process_handling[0m[2m:[0m running /app/target/debug/deps/core_node-f3eba565a8e48c2a

running 2 tests
test recovery::tests::test_fail_closed_protocol ... ok
test tests::test_node_bootstrap ... ok

test result: ok. 2 passed; 0 failed; 0 ignored; 0 measured; 0 filtered out; finished in 0.06s

[2m2026-05-17T03:30:14.315215Z[0m [32m INFO[0m [2mcargo_tarpaulin::report[0m[2m:[0m Coverage Results:
|| Uncovered Lines:
|| consensus/src/lib.rs: 61, 63-64, 67-68, 71-72, 75-77, 80-81, 109-112, 114, 117, 119-120, 126-128, 131-132
|| core_node/src/lib.rs: 79, 81, 87-88, 90-91, 107, 109, 111-112
|| core_node/src/recovery.rs: 29-32, 54
|| crypto/src/transaction.rs: 61, 68
|| network/src/dht.rs: 76
|| network/src/lib.rs: 27, 35-37, 39-40, 42, 46, 52, 55, 61, 64-65, 84-87, 127-132, 134, 136-140, 144, 149-151, 153, 155, 157-162, 164, 166-167, 176
|| storage/src/lib.rs: 43, 72-73, 123, 146-150, 152-153, 156-157, 161-162, 165, 168, 171
|| storage/src/sstable.rs: 55, 64
|| Tested/Total Lines:
|| consensus/src/lib.rs: 26/51
|| core_node/src/lib.rs: 25/35
|| core_node/src/recovery.rs: 17/22
|| crypto/src/lib.rs: 12/12
|| crypto/src/transaction.rs: 20/22
|| crypto/src/zkp.rs: 16/16
|| network/src/dht.rs: 26/27
|| network/src/lib.rs: 24/69
|| storage/src/lib.rs: 42/60
|| storage/src/sstable.rs: 31/33
||
68.88% coverage, 239/347 lines covered
